[voodoosharma.com/indexd1ec.html]
[backblue.gif]
[fade.gif]
[index.html]
[voodoosharma.com/images/favicon.png]
[voodoosharma.com/css/bootstrap.css]
[voodoosharma.com/css/fonts.css]
[voodoosharma.com/css/style.css]
[voodoosharma.com/images/ie8-panel/warning_bar_0000_us.jpg]
[voodoosharma.com/index.html]
[voodoosharma.com/images/voodoo.png]
[voodoosharma.com/images/svg/sprite.svg]
[voodoosharma.com/images/slide-01-1894x1042.jpg]
[voodoosharma.com/images/slide-02-1894x1042.jpg]
[voodoosharma.com/images/home-1-01-470x590.jpg]
[voodoosharma.com/images/home-1-02-270x257.jpg]
[voodoosharma.com/images/bg-parallax-02-1894x1950.jpg]
[voodoosharma.com/images/founder.png]
[voodoosharma.com/images/course/c2.png]
[voodoosharma.com/images/course/c4.png]
[voodoosharma.com/images/course/c3.png]
[voodoosharma.com/images/course/c1.png]
[voodoosharma.com/images/bg-parallax-05-1894x758.jpg]
[voodoosharma.com/js/core.min.js]
[voodoosharma.com/js/script.js]
[voodoosharma.com/indexd1ec.html]
[voodoosharma.com/css/bootstrap.css]
[voodoosharma.com/fonts/fontawesome-webfont3e6e.eot]
[voodoosharma.com/fonts/fontawesome-webfontd41d.eot]
[voodoosharma.com/fonts/fontawesome-webfont3e6e.woff2]
[voodoosharma.com/fonts/fontawesome-webfont3e6e.woff]
[voodoosharma.com/fonts/fontawesome-webfont3e6e.ttf]
[voodoosharma.com/css/fonts.css]
[voodoosharma.com/fonts/fontawesome-webfont3e6e.svg]
[voodoosharma.com/images/bg-pattern-boxed.png]
[voodoosharma.com/fonts/lgd641.eot]
[voodoosharma.com/fonts/lgd41d.eot]
[voodoosharma.com/fonts/lgd641.woff]
[voodoosharma.com/fonts/lgd641.ttf]
[voodoosharma.com/fonts/lgd641.svg]
[voodoosharma.com/images/vimeo-play.png]
[voodoosharma.com/images/video-play.png]
[voodoosharma.com/images/youtube-play.png]
[voodoosharma.com/images/loading.gif]
[voodoosharma.com/css/style.css]
[voodoosharma.com/images/ajax-loader.gif]
[voodoosharma.com/index.html]
[voodoosharma.com/images/svg/sprite.svg]
[voodoosharma.com/popper.js]
[voodoosharma.com/js/core.min.js]
[voodoosharma.com/version/index-2.html]
[voodoosharma.com/index-2.html]
[www.google.com/recaptcha/api43e2.js]
[voodoosharma.com/bat/rd-search.php]
[voodoosharma.com/js/script.js]
[voodoosharma.com/fonts/fontawesome-webfont3e6e.svg]
[voodoosharma.com/images/bg-pattern-boxed.html]
[voodoosharma.com/fonts/lgd641.svg]
[voodoosharma.com/popper.html]
[voodoosharma.com/Version/index.html]
[voodoosharma.com/Version/index.html]
[voodoosharma.com/version/index-2.html]
[voodoosharma.com/index-2.html]
[voodoosharma.com/bat/rd-search.html]
